[www.tronstol.com/pick-and-place-machine/pick-and-place-machine-tronstol-e1-advanced.html]
[backblue.gif]
[fade.gif]
[index.html]
[www.tronstol.com/assets/js/jquery-1.10.2.min.js]
[www.tronstol.com/assets/js/seajs/sea.js]
[www.tronstol.com/assets/js/swiper.min.js]
[www.tronstol.com/uploads/image/20211020/16/tronstol-smt-machine-logo.png]
[www.tronstol.com/themes/tianxing/img/country/en.png]
[www.tronstol.com/themes/tianxing/img/country/ja.png]
[www.tronstol.com/themes/tianxing/img/country/ko.png]
[www.tronstol.com/themes/tianxing/img/country/fr.png]
[www.tronstol.com/themes/tianxing/img/country/de.png]
[www.tronstol.com/themes/tianxing/img/country/es.png]
[www.tronstol.com/themes/tianxing/img/country/it.png]
[www.tronstol.com/themes/tianxing/img/country/ru.png]
[www.tronstol.com/themes/tianxing/img/country/pt.png]
[www.tronstol.com/themes/tianxing/img/country/ar.png]
[www.tronstol.com/themes/tianxing/img/country/vi.png]
[www.tronstol.com/pick-and-place-machine/pick-and-place-machine-tronstol-e4.html]
[www.tronstol.com/pick-and-place-machine/pick-and-place-machine-tronstol-a58.html]
[www.tronstol.com/uploads/image/20220217/14/pick-and-place-machine-tronstol-e1-advanced_1645079296.jpg]
[www.tronstol.com/uploads/image/20211020/17/pick-and-place-machine-tronstol-a1.jpg]
[www.tronstol.com/uploads/image/20211020/16/pick-and-place-machine-tronstol-3v-advanced-1.jpg]
[www.tronstol.com/uploads/image/20211020/17/pick-and-place-machine-tronstol-3v-standard.jpg]
[www.tronstol.com/uploads/image/20201229/17/smt-equipment_1609232515.jpg]
[www.tronstol.com/uploads/image/20220217/14/pick-and-place-machine-tronstol-a1.jpg]
[www.tronstol.com/uploads/image/20220217/14/pick-and-place-machine-tronstol-a1-1.jpg]
[www.tronstol.com/uploads/image/20220217/14/pick-and-place-machine-tronstol-a1-2.jpg]
[www.tronstol.com/uploads/image/20220217/14/pick-and-place-machine-tronstol-a1-3.jpg]
[www.tronstol.com/uploads/image/20220217/14/pick-and-place-machine-tronstol-a1-4.jpg]
[www.tronstol.com/uploads/image/20220217/14/pick-and-place-machine-tronstol-a1-5.jpg]
[www.tronstol.com/uploads/image/20220217/14/pick-and-place-machine-tronstol-a1-6.jpg]
[www.tronstol.com/uploads/image/20220217/14/pick-and-place-machine-tronstol-a1-7.jpg]
[www.tronstol.com/uploads/image/20230918/Pick_and_Place_Machine_Tronstol_E1_-_Hang_Zhou_Tronstol_technology_Co.,_Ltd..jpg]
[www.tronstol.com/uploads/image/20220217/details-of-e1-pick-and-place-machine.jpg]
[www.tronstol.com/uploads/image/20220217/smt-production-line.jpg]
[www.tronstol.com/uploads/image/20220217/packaging-of-pick-and-place-machine-e1.jpg]
[www.tronstol.com/uploads/image/20220217/tronstol-factory.jpg]
[www.tronstol.com/uploads/image/20210927/working-area-of-tronstol.png]
[www.tronstol.com/uploads/image/20210927/exhibition-booth-of-tronstol.png]
[www.tronstol.com/uploads/image/20220217/certification-of-tronstol.jpg]
[www.tronstol.com/uploads/image/20201224/11/smt-equipments.jpg]
[www.tronstol.com/uploads/image/20201224/11/smt-equipment.jpg]
[www.tronstol.com/assets/js/kaka/kaka-1.0.0.js]
[www.tronstol.com/themes/tianxing/js/all.min.js]
[www.tronstol.com/assets/js/animate/wow.min.js]
[www.tronstol.com/assets/js/trafficd51e.js]
[www.tronstol.com/pick-and-place-machine/pick-and-place-machine-tronstol-e1-advanced.html]
[www.tronstol.com/themes/tianxing/img/img/about-bg.jpg]
[www.tronstol.com/themes/tianxing/img/img/line_dot.png]
[www.tronstol.com/themes/tianxing/img/img/prev3.png]
[www.tronstol.com/themes/tianxing/img/img/next3.png]
[www.tronstol.com/themes/tianxing/css/index.min8ebf.css]
[www.tronstol.com/themes/tianxing/img/img/company-culture.jpg]
[www.tronstol.com/themes/tianxing/img/img/how-does-a-pick-and-place-machine-work.jpg]
[www.tronstol.com/themes/tianxing/img/img/icon_5.png]
[www.tronstol.com/themes/tianxing/img/img/icon_2.png]
[www.tronstol.com/themes/tianxing/img/img/inner_back_1.jpg]
[www.tronstol.com/themes/tianxing/img/img/pdf-back2.png]
[www.tronstol.com/themes/tianxing/img/img/pdf-back1.png]
[www.tronstol.com/themes/tianxing/css/all.min8ebf.css]
[www.googletagmanager.com/gtm5445.html]
[www.tronstol.com/uploads/image/20240711/Feeder_宣传.png]
[www.tronstol.com/uploads/image/20240712/E4_宣传2.png]
[www.tronstol.com/uploads/image/20240711/E4_dimension.png]
[www.tronstol.com/uploads/image/20240712/E4_详情.png]
[www.tronstol.com/uploads/image/20240712/软件详情.png]
[www.tronstol.com/uploads/image/20240711/E4产线图.png]
[www.tronstol.com/uploads/image/20240711/图片1.png]
[www.tronstol.com/uploads/image/20240711/Work_area.png]
[www.tronstol.com/uploads/image/20240711/展会照片.png]
[www.tronstol.com/uploads/image/20240711/专利墙.png]
[www.tronstol.com/assets/js/traffica191.js]
[www.tronstol.com/pick-and-place-machine/pick-and-place-machine-tronstol-e4.html]
[www.tronstol.com/uploads/image/20240823/A58详情.jpg]
[www.tronstol.com/uploads/image/20240814/YS350+2A58+L8.jpg]
[www.tronstol.com/uploads/image/20240814/YS350+A58+L5.png]
[www.tronstol.com/uploads/image/20240814/创思达-详情页_03.jpg]
[www.tronstol.com/uploads/image/20240814/创思达-详情页_04.jpg]
[www.tronstol.com/uploads/image/20240814/创思达-详情页_05.jpg]
[www.tronstol.com/uploads/image/20240814/创思达-详情页_07.jpg]
[www.tronstol.com/uploads/image/20240814/创思达-详情页_08.jpg]
[www.tronstol.com/uploads/image/20240814/创思达-详情页_09.jpg]
[www.tronstol.com/uploads/image/20240814/创思达-详情页_10.jpg]
[www.tronstol.com/uploads/image/20240814/创思达-详情页_11.jpg]
[www.tronstol.com/pick-and-place-machine/pick-and-place-machine-tronstol-a58.html]
[www.tronstol.com/assets/css/swiper.min.css]
[www.tronstol.com/assets/css/font-awesome.css]
[www.tronstol.com/uploads/image/20240814/创思达-详情页_06.jpg]
